
> marketbridge@0.1.0 build
> next build

  Γû▓ Next.js 14.2.14

   Creating an optimized production build ...
 Γ£ô (pwa) Compiling for server...
 Γ£ô (pwa) Compiling for server...
 Γ£ô (pwa) Compiling for client (static)...
 Γùï (pwa) Service worker: C:\Users\Benny Ben\OneDrive\Documents\MarketBridgeLLC\public\sw.js
 Γùï (pwa)   URL: /sw.js
 Γùï (pwa)   Scope: /
 Γ£ô Compiled successfully
   Skipping validation of types
   Skipping linting
   Collecting page data ...
node.exe : Error: 
supabaseUrl is 
required.
At line:1 char:1
+ & "C:\Program 
Files\nodejs/node.exe" 
"C:\Program 
Files\nodejs/node_mo 
...
+ ~~~~~~~~~~~~~~~~~~~~~
~~~~~~~~~~~~~~~~~~~~~~~
~~~~~~~~~~~~~~~~~~~~~~~
~~
    + CategoryInfo     
         : NotSpecifi  
  ed: (Error: supaba   
 seUrl is required.    
:String) [], Remot    
eException
    + FullyQualifiedEr 
   rorId : NativeComm  
  andError
 
    at C:\Users\Benny B
en\OneDrive\Documents\M
arketBridgeLLC\.next\se
rver\chunks\951.js:37:4
8129
    at new ru 
(C:\Users\Benny Ben\One
Drive\Documents\MarketB
ridgeLLC\.next\server\c
hunks\951.js:37:48380)
    at rc 
(C:\Users\Benny Ben\One
Drive\Documents\MarketB
ridgeLLC\.next\server\c
hunks\951.js:37:52063)
    at 6274 
(C:\Users\Benny Ben\One
Drive\Documents\MarketB
ridgeLLC\.next\server\a
pp\api\admin\setup-stor
age\route.js:1:1916)
    at t 
(C:\Users\Benny Ben\One
Drive\Documents\MarketB
ridgeLLC\.next\server\w
ebpack-runtime.js:1:128
)
    at 11422 
(C:\Users\Benny Ben\One
Drive\Documents\MarketB
ridgeLLC\.next\server\a
pp\api\admin\setup-stor
age\route.js:1:505)
    at t 
(C:\Users\Benny Ben\One
Drive\Documents\MarketB
ridgeLLC\.next\server\w
ebpack-runtime.js:1:128
)
    at i 
(C:\Users\Benny Ben\One
Drive\Documents\MarketB
ridgeLLC\.next\server\a
pp\api\admin\setup-stor
age\route.js:1:2035)
    at C:\Users\Benny B
en\OneDrive\Documents\M
arketBridgeLLC\.next\se
rver\app\api\admin\setu
p-storage\route.js:1:20
72
    at t.X 
(C:\Users\Benny Ben\One
Drive\Documents\MarketB
ridgeLLC\.next\server\w
ebpack-runtime.js:1:120
6)

> Build error occurred
Error: Failed to 
collect page data for /
api/admin/setup-storage
    at C:\Users\Benny B
en\OneDrive\Documents\M
arketBridgeLLC\node_mod
ules\next\dist\build\ut
ils.js:1268:15
    at process.processT
icksAndRejections (node
:internal/process/task_
queues:103:5) {
  type: 'Error'
}
