app/(main)/orders/[id]/dispute/page.tsx(61,22): error TS2345: Argument of type '{ id: any; amount: any; status: any; listing_id: any; listing: { title: any; images: any; }[]; }' is not assignable to parameter of type 'SetStateAction<{ id: string; amount: number; status: string; listing_id: string; listing: { title: string; images: string[]; }; } | null>'.
  Type '{ id: any; amount: any; status: any; listing_id: any; listing: { title: any; images: any; }[]; }' is not assignable to type '{ id: string; amount: number; status: string; listing_id: string; listing: { title: string; images: string[]; }; }'.
    Types of property 'listing' are incompatible.
      Type '{ title: any; images: any; }[]' is missing the following properties from type '{ title: string; images: string[]; }': title, images
app/admin/disputes/page.tsx(73,28): error TS2339: Property 'user_metadata' does not exist on type 'User'.
